Component: ARM Compiler 6.12 Tool: armlink [5d624300]

==============================================================================

Small function inlining results

Inlined total of 0 calls.

==============================================================================

Image Symbol Table

    Local Symbols

    Symbol Name                              Value     Ov Type        Size  Object(Section)

    ../clib/microlib/division.c              0x00000000   Number         0  uidiv.o ABSOLUTE
    ../clib/microlib/division.c              0x00000000   Number         0  uldiv.o ABSOLUTE
    ../clib/microlib/init/entry.s            0x00000000   Number         0  entry.o ABSOLUTE
    ../clib/microlib/init/entry.s            0x00000000   Number         0  entry2.o ABSOLUTE
    ../clib/microlib/init/entry.s            0x00000000   Number         0  entry5.o ABSOLUTE
    ../clib/microlib/init/entry.s            0x00000000   Number         0  entry7a.o ABSOLUTE
    ../clib/microlib/init/entry.s            0x00000000   Number         0  entry7b.o ABSOLUTE
    ../clib/microlib/init/entry.s            0x00000000   Number         0  entry8a.o ABSOLUTE
    ../clib/microlib/init/entry.s            0x00000000   Number         0  entry8b.o ABSOLUTE
    ../clib/microlib/init/entry.s            0x00000000   Number         0  entry9a.o ABSOLUTE
    ../clib/microlib/init/entry.s            0x00000000   Number         0  entry9b.o ABSOLUTE
    ../clib/microlib/init/entry.s            0x00000000   Number         0  entry10a.o ABSOLUTE
    ../clib/microlib/init/entry.s            0x00000000   Number         0  entry10b.o ABSOLUTE
    ../clib/microlib/init/entry.s            0x00000000   Number         0  entry11a.o ABSOLUTE
    ../clib/microlib/init/entry.s            0x00000000   Number         0  entry11b.o ABSOLUTE
    ../clib/microlib/longlong.c              0x00000000   Number         0  llshl.o ABSOLUTE
    ../clib/microlib/longlong.c              0x00000000   Number         0  llushr.o ABSOLUTE
    ../clib/microlib/longlong.c              0x00000000   Number         0  llsshr.o ABSOLUTE
    ../clib/microlib/printf/printf.c         0x00000000   Number         0  printfb.o ABSOLUTE
    ../clib/microlib/printf/printf.c         0x00000000   Number         0  printf0.o ABSOLUTE
    ../clib/microlib/printf/printf.c         0x00000000   Number         0  printf1.o ABSOLUTE
    ../clib/microlib/printf/printf.c         0x00000000   Number         0  printf2.o ABSOLUTE
    ../clib/microlib/printf/printf.c         0x00000000   Number         0  printf3.o ABSOLUTE
    ../clib/microlib/printf/printf.c         0x00000000   Number         0  printf4.o ABSOLUTE
    ../clib/microlib/printf/printf.c         0x00000000   Number         0  printf5.o ABSOLUTE
    ../clib/microlib/printf/printf.c         0x00000000   Number         0  printf6.o ABSOLUTE
    ../clib/microlib/printf/printf.c         0x00000000   Number         0  printf7.o ABSOLUTE
    ../clib/microlib/printf/printf.c         0x00000000   Number         0  printf8.o ABSOLUTE
    ../clib/microlib/printf/printf.c         0x00000000   Number         0  printfa.o ABSOLUTE
    ../clib/microlib/printf/stubs.s          0x00000000   Number         0  stubs.o ABSOLUTE
    ../clib/microlib/stdio/fputs.c           0x00000000   Number         0  fputs.o ABSOLUTE
    ../clib/microlib/stdio/fputs.c           0x00000000   Number         0  fputs_e.o ABSOLUTE
    ../clib/microlib/stdio/fwrite.c          0x00000000   Number         0  fwrite.o ABSOLUTE
    ../clib/microlib/stdio/fwrite.c          0x00000000   Number         0  fwrite_e.o ABSOLUTE
    ../clib/microlib/stdio/puts.c            0x00000000   Number         0  puts.o ABSOLUTE
    ../clib/microlib/stdio/puts.c            0x00000000   Number         0  puts_e.o ABSOLUTE
    ../clib/microlib/stdio/streams.c         0x00000000   Number         0  stderr.o ABSOLUTE
    ../clib/microlib/stubs.s                 0x00000000   Number         0  iusefp.o ABSOLUTE
    ../fplib/microlib/fpadd.c                0x00000000   Number         0  dadd.o ABSOLUTE
    ../fplib/microlib/fpdiv.c                0x00000000   Number         0  ddiv.o ABSOLUTE
    ../fplib/microlib/fpepilogue.c           0x00000000   Number         0  depilogue.o ABSOLUTE
    ../fplib/microlib/fpfix.c                0x00000000   Number         0  dfixul.o ABSOLUTE
    ../fplib/microlib/fpmul.c                0x00000000   Number         0  dmul.o ABSOLUTE
    ..\..\..\Library\Device\Nuvoton\m460\Source\ARM\startup_m460.s 0x00000000   Number         0  startup_m460.o ABSOLUTE
    cdrcmple.s                               0x00000000   Number         0  cdrcmple.o ABSOLUTE
    clk.c                                    0x00000000   Number         0  clk.o ABSOLUTE
    gpio.c                                   0x00000000   Number         0  gpio.o ABSOLUTE
    handlers.s                               0x00000000   Number         0  handlers.o ABSOLUTE
    init.s                                   0x00000000   Number         0  init.o ABSOLUTE
    main.c                                   0x00000000   Number         0  main.o ABSOLUTE
    retarget.c                               0x00000000   Number         0  retarget.o ABSOLUTE
    sys.c                                    0x00000000   Number         0  sys.o ABSOLUTE
    system_m460.c                            0x00000000   Number         0  system_m460.o ABSOLUTE
    timer.c                                  0x00000000   Number         0  timer.o ABSOLUTE
    uart.c                                   0x00000000   Number         0  uart.o ABSOLUTE
    RESET                                    0x00000000   Section      576  startup_m460.o(RESET)
    .ARM.Collect$$$$00000000                 0x00000240   Section        0  entry.o(.ARM.Collect$$$$00000000)
    .ARM.Collect$$$$00000001                 0x00000240   Section        4  entry2.o(.ARM.Collect$$$$00000001)
    .ARM.Collect$$$$00000004                 0x00000244   Section        4  entry5.o(.ARM.Collect$$$$00000004)
    .ARM.Collect$$$$00000008                 0x00000248   Section        0  entry7b.o(.ARM.Collect$$$$00000008)
    .ARM.Collect$$$$0000000A                 0x00000248   Section        0  entry8b.o(.ARM.Collect$$$$0000000A)
    .ARM.Collect$$$$0000000B                 0x00000248   Section        8  entry9a.o(.ARM.Collect$$$$0000000B)
    __lit__00000000                          0x00000250   Data           4  entry2.o(.ARM.Collect$$$$00002712)
    .ARM.Collect$$$$0000000D                 0x00000250   Section        0  entry10a.o(.ARM.Collect$$$$0000000D)
    .ARM.Collect$$$$0000000F                 0x00000250   Section        0  entry11a.o(.ARM.Collect$$$$0000000F)
    .ARM.Collect$$$$00002712                 0x00000250   Section        4  entry2.o(.ARM.Collect$$$$00002712)
    [Anonymous Symbol]                       0x00000254   Section        0  system_m460.o(.text)
    SYS_UnlockReg                            0x000002f5   Thumb Code    52  system_m460.o(.text)
    SYS_LockReg                              0x00000329   Thumb Code    14  system_m460.o(.text)
    $v0                                      0x00000338   Number         0  startup_m460.o(.text)
    .text                                    0x00000338   Section       56  startup_m460.o(.text)
    Default_Handler                          0x00000361   Thumb Code     2  startup_m460.o(.text)
    [Anonymous Symbol]                       0x00000370   Section        0  retarget.o(.text)
    [Anonymous Symbol]                       0x00000660   Section        0  uart.o(.text)
    [Anonymous Symbol]                       0x00000c18   Section        0  clk.o(.text)
    [Anonymous Symbol]                       0x000019d8   Section        0  timer.o(.text)
    [Anonymous Symbol]                       0x00001c74   Section        0  gpio.o(.text)
    [Anonymous Symbol]                       0x00001d70   Section        0  main.o(.text)
    TIMER_Start                              0x00001e11   Thumb Code    16  main.o(.text)
    TIMER_EnableInt                          0x00001e21   Thumb Code    16  main.o(.text)
    __NVIC_EnableIRQ                         0x00001e31   Thumb Code    14  main.o(.text)
    TIMER_GetIntFlag                         0x00001f95   Thumb Code    14  main.o(.text)
    TIMER_ClearIntFlag                       0x00001fa5   Thumb Code    12  main.o(.text)
    SYS_UnlockReg                            0x00002105   Thumb Code    52  main.o(.text)
    SYS_LockReg                              0x00002139   Thumb Code    14  main.o(.text)
    .text                                    0x00002146   Section        0  uldiv.o(.text)
    .text                                    0x000021a8   Section       36  init.o(.text)
    .text                                    0x000021cc   Section        0  llshl.o(.text)
    .text                                    0x000021ea   Section        0  llushr.o(.text)
    i.__0printf$8                            0x0000220c   Section        0  printf8.o(i.__0printf$8)
    i.__scatterload_copy                     0x0000222c   Section       14  handlers.o(i.__scatterload_copy)
    i.__scatterload_null                     0x0000223a   Section        2  handlers.o(i.__scatterload_null)
    i.__scatterload_zeroinit                 0x0000223c   Section       14  handlers.o(i.__scatterload_zeroinit)
    _printf_core                             0x0000224d   Thumb Code   996  printf8.o(i._printf_core)
    i._printf_core                           0x0000224c   Section        0  printf8.o(i._printf_core)
    _printf_post_padding                     0x0000265d   Thumb Code    36  printf8.o(i._printf_post_padding)
    i._printf_post_padding                   0x0000265c   Section        0  printf8.o(i._printf_post_padding)
    _printf_pre_padding                      0x00002681   Thumb Code    46  printf8.o(i._printf_pre_padding)
    i._printf_pre_padding                    0x00002680   Section        0  printf8.o(i._printf_pre_padding)
    i.fputs                                  0x000026ae   Section        0  fputs.o(i.fputs)
    i.fwrite                                 0x000026c6   Section        0  fwrite.o(i.fwrite)
    i.puts                                   0x000026ec   Section        0  puts.o(i.puts)
    .L__const.UART_Open.au32ClkTbl           0x00002710   Data          16  uart.o(.rodata.cst16)
    .L__const.UART_SetLineConfig.au32ClkTbl  0x00002720   Data          16  uart.o(.rodata.cst16)
    .L__const.UART_SelectIrDAMode.au32ClkTbl 0x00002730   Data          16  uart.o(.rodata.cst16)
    .L.str.8                                 0x00002740   Data          32  retarget.o(.rodata.str1.1)
    [Anonymous Symbol]                       0x00002740   Section        0  retarget.o(.rodata.str1.1)
    .L.str.11                                0x00002760   Data          29  retarget.o(.rodata.str1.1)
    .L.str.7                                 0x0000277d   Data          27  retarget.o(.rodata.str1.1)
    .L.str.9                                 0x00002798   Data           4  retarget.o(.rodata.str1.1)
    .L.str.10                                0x0000279c   Data           4  retarget.o(.rodata.str1.1)
    .Lstr.16                                 0x000027a0   Data          35  retarget.o(.rodata.str1.1)
    .data                                    0x20000000   Section        4  stderr.o(.data)
    STACK                                    0x200000a8   Section     4096  startup_m460.o(STACK)

    Global Symbols

    Symbol Name                              Value     Ov Type        Size  Object(Section)

    BuildAttributes$$THM_ISAv4$E$P$D$K$B$S$7EM$VFPi3$EXTD16$VFPS$VFMA$PE$A:L22UL41UL21$X:L11$S22US41US21$IEEE1$IW$~IW$USESV6$~STKCKD$USESV7$~SHL$OTIME$ROPI$EBA8$MICROLIB$REQ8$PRES8$EABIv2 0x00000000   Number         0  anon$$obj.o ABSOLUTE
    __Vectors                                0x00000000   Data           4  startup_m460.o(RESET)
    _printf_a                                0x00000000   Number         0  stubs.o ABSOLUTE
    _printf_c                                0x00000000   Number         0  stubs.o ABSOLUTE
    _printf_charcount                        0x00000000   Number         0  stubs.o ABSOLUTE
    _printf_d                                0x00000000   Number         0  stubs.o ABSOLUTE
    _printf_e                                0x00000000   Number         0  stubs.o ABSOLUTE
    _printf_f                                0x00000000   Number         0  stubs.o ABSOLUTE
    _printf_flags                            0x00000000   Number         0  stubs.o ABSOLUTE
    _printf_fp_dec                           0x00000000   Number         0  stubs.o ABSOLUTE
    _printf_fp_hex                           0x00000000   Number         0  stubs.o ABSOLUTE
    _printf_g                                0x00000000   Number         0  stubs.o ABSOLUTE
    _printf_i                                0x00000000   Number         0  stubs.o ABSOLUTE
    _printf_int_dec                          0x00000000   Number         0  stubs.o ABSOLUTE
    _printf_l                                0x00000000   Number         0  stubs.o ABSOLUTE
    _printf_lc                               0x00000000   Number         0  stubs.o ABSOLUTE
    _printf_ll                               0x00000000   Number         0  stubs.o ABSOLUTE
    _printf_lld                              0x00000000   Number         0  stubs.o ABSOLUTE
    _printf_lli                              0x00000000   Number         0  stubs.o ABSOLUTE
    _printf_llo                              0x00000000   Number         0  stubs.o ABSOLUTE
    _printf_llu                              0x00000000   Number         0  stubs.o ABSOLUTE
    _printf_llx                              0x00000000   Number         0  stubs.o ABSOLUTE
    _printf_longlong_dec                     0x00000000   Number         0  stubs.o ABSOLUTE
    _printf_longlong_hex                     0x00000000   Number         0  stubs.o ABSOLUTE
    _printf_longlong_oct                     0x00000000   Number         0  stubs.o ABSOLUTE
    _printf_ls                               0x00000000   Number         0  stubs.o ABSOLUTE
    _printf_mbtowc                           0x00000000   Number         0  stubs.o ABSOLUTE
    _printf_n                                0x00000000   Number         0  stubs.o ABSOLUTE
    _printf_o                                0x00000000   Number         0  stubs.o ABSOLUTE
    _printf_p                                0x00000000   Number         0  stubs.o ABSOLUTE
    _printf_percent                          0x00000000   Number         0  stubs.o ABSOLUTE
    _printf_pre_padding                      0x00000000   Number         0  stubs.o ABSOLUTE
    _printf_return_value                     0x00000000   Number         0  stubs.o ABSOLUTE
    _printf_s                                0x00000000   Number         0  stubs.o ABSOLUTE
    _printf_sizespec                         0x00000000   Number         0  stubs.o ABSOLUTE
    _printf_str                              0x00000000   Number         0  stubs.o ABSOLUTE
    _printf_truncate_signed                  0x00000000   Number         0  stubs.o ABSOLUTE
    _printf_truncate_unsigned                0x00000000   Number         0  stubs.o ABSOLUTE
    _printf_u                                0x00000000   Number         0  stubs.o ABSOLUTE
    _printf_wc                               0x00000000   Number         0  stubs.o ABSOLUTE
    _printf_wctomb                           0x00000000   Number         0  stubs.o ABSOLUTE
    _printf_widthprec                        0x00000000   Number         0  stubs.o ABSOLUTE
    _printf_x                                0x00000000   Number         0  stubs.o ABSOLUTE
    __cpp_initialize__aeabi_                  - Undefined Weak Reference
    __cxa_finalize                            - Undefined Weak Reference
    __decompress                              - Undefined Weak Reference
    _clock_init                               - Undefined Weak Reference
    _microlib_exit                            - Undefined Weak Reference
    __Vectors_End                            0x00000240   Data           0  startup_m460.o(RESET)
    __Vectors_Size                           0x00000240   Number         0  startup_m460.o ABSOLUTE
    __main                                   0x00000241   Thumb Code     0  entry.o(.ARM.Collect$$$$00000000)
    _main_stk                                0x00000241   Thumb Code     0  entry2.o(.ARM.Collect$$$$00000001)
    _main_scatterload                        0x00000245   Thumb Code     0  entry5.o(.ARM.Collect$$$$00000004)
    __main_after_scatterload                 0x00000249   Thumb Code     0  entry5.o(.ARM.Collect$$$$00000004)
    _main_clock                              0x00000249   Thumb Code     0  entry7b.o(.ARM.Collect$$$$00000008)
    _main_cpp_init                           0x00000249   Thumb Code     0  entry8b.o(.ARM.Collect$$$$0000000A)
    _main_init                               0x00000249   Thumb Code     0  entry9a.o(.ARM.Collect$$$$0000000B)
    __rt_final_cpp                           0x00000251   Thumb Code     0  entry10a.o(.ARM.Collect$$$$0000000D)
    __rt_final_exit                          0x00000251   Thumb Code     0  entry11a.o(.ARM.Collect$$$$0000000F)
    SystemCoreClockUpdate                    0x00000255   Thumb Code   104  system_m460.o(.text)
    SystemInit                               0x000002bd   Thumb Code    54  system_m460.o(.text)
    Reset_Handler                            0x00000339   Thumb Code     8  startup_m460.o(.text)
    NMI_Handler                              0x00000341   Thumb Code     2  startup_m460.o(.text)
    HardFault_Handler                        0x00000343   Thumb Code    16  startup_m460.o(.text)
    MemManage_Handler                        0x00000353   Thumb Code     2  startup_m460.o(.text)
    BusFault_Handler                         0x00000355   Thumb Code     2  startup_m460.o(.text)
    UsageFault_Handler                       0x00000357   Thumb Code     2  startup_m460.o(.text)
    SVC_Handler                              0x00000359   Thumb Code     2  startup_m460.o(.text)
    DebugMon_Handler                         0x0000035b   Thumb Code     2  startup_m460.o(.text)
    PendSV_Handler                           0x0000035d   Thumb Code     2  startup_m460.o(.text)
    SysTick_Handler                          0x0000035f   Thumb Code     2  startup_m460.o(.text)
    ACMP01_IRQHandler                        0x00000361   Thumb Code     0  startup_m460.o(.text)
    ACMP23_IRQHandler                        0x00000361   Thumb Code     0  startup_m460.o(.text)
    BMC_IRQHandler                           0x00000361   Thumb Code     0  startup_m460.o(.text)
    BOD_IRQHandler                           0x00000361   Thumb Code     0  startup_m460.o(.text)
    BPWM0_IRQHandler                         0x00000361   Thumb Code     0  startup_m460.o(.text)
    BPWM1_IRQHandler                         0x00000361   Thumb Code     0  startup_m460.o(.text)
    BRAKE0_IRQHandler                        0x00000361   Thumb Code     0  startup_m460.o(.text)
    BRAKE1_IRQHandler                        0x00000361   Thumb Code     0  startup_m460.o(.text)
    CANFD00_IRQHandler                       0x00000361   Thumb Code     0  startup_m460.o(.text)
    CANFD01_IRQHandler                       0x00000361   Thumb Code     0  startup_m460.o(.text)
    CANFD10_IRQHandler                       0x00000361   Thumb Code     0  startup_m460.o(.text)
    CANFD11_IRQHandler                       0x00000361   Thumb Code     0  startup_m460.o(.text)
    CANFD20_IRQHandler                       0x00000361   Thumb Code     0  startup_m460.o(.text)
    CANFD21_IRQHandler                       0x00000361   Thumb Code     0  startup_m460.o(.text)
    CANFD30_IRQHandler                       0x00000361   Thumb Code     0  startup_m460.o(.text)
    CANFD31_IRQHandler                       0x00000361   Thumb Code     0  startup_m460.o(.text)
    CCAP_IRQHandler                          0x00000361   Thumb Code     0  startup_m460.o(.text)
    CKFAIL_IRQHandler                        0x00000361   Thumb Code     0  startup_m460.o(.text)
    CRPT_IRQHandler                          0x00000361   Thumb Code     0  startup_m460.o(.text)
    DAC_IRQHandler                           0x00000361   Thumb Code     0  startup_m460.o(.text)
    EADC00_IRQHandler                        0x00000361   Thumb Code     0  startup_m460.o(.text)
    EADC01_IRQHandler                        0x00000361   Thumb Code     0  startup_m460.o(.text)
    EADC02_IRQHandler                        0x00000361   Thumb Code     0  startup_m460.o(.text)
    EADC03_IRQHandler                        0x00000361   Thumb Code     0  startup_m460.o(.text)
    EADC10_IRQHandler                        0x00000361   Thumb Code     0  startup_m460.o(.text)
    EADC11_IRQHandler                        0x00000361   Thumb Code     0  startup_m460.o(.text)
    EADC12_IRQHandler                        0x00000361   Thumb Code     0  startup_m460.o(.text)
    EADC13_IRQHandler                        0x00000361   Thumb Code     0  startup_m460.o(.text)
    EADC20_IRQHandler                        0x00000361   Thumb Code     0  startup_m460.o(.text)
    EADC21_IRQHandler                        0x00000361   Thumb Code     0  startup_m460.o(.text)
    EADC22_IRQHandler                        0x00000361   Thumb Code     0  startup_m460.o(.text)
    EADC23_IRQHandler                        0x00000361   Thumb Code     0  startup_m460.o(.text)
    ECAP0_IRQHandler                         0x00000361   Thumb Code     0  startup_m460.o(.text)
    ECAP1_IRQHandler                         0x00000361   Thumb Code     0  startup_m460.o(.text)
    ECAP2_IRQHandler                         0x00000361   Thumb Code     0  startup_m460.o(.text)
    ECAP3_IRQHandler                         0x00000361   Thumb Code     0  startup_m460.o(.text)
    EHCI_IRQHandler                          0x00000361   Thumb Code     0  startup_m460.o(.text)
    EINT0_IRQHandler                         0x00000361   Thumb Code     0  startup_m460.o(.text)
    EINT1_IRQHandler                         0x00000361   Thumb Code     0  startup_m460.o(.text)
    EINT2_IRQHandler                         0x00000361   Thumb Code     0  startup_m460.o(.text)
    EINT3_IRQHandler                         0x00000361   Thumb Code     0  startup_m460.o(.text)
    EINT4_IRQHandler                         0x00000361   Thumb Code     0  startup_m460.o(.text)
    EINT5_IRQHandler                         0x00000361   Thumb Code     0  startup_m460.o(.text)
    EINT6_IRQHandler                         0x00000361   Thumb Code     0  startup_m460.o(.text)
    EINT7_IRQHandler                         0x00000361   Thumb Code     0  startup_m460.o(.text)
    EMAC0_IRQHandler                         0x00000361   Thumb Code     0  startup_m460.o(.text)
    EPWM0P0_IRQHandler                       0x00000361   Thumb Code     0  startup_m460.o(.text)
    EPWM0P1_IRQHandler                       0x00000361   Thumb Code     0  startup_m460.o(.text)
    EPWM0P2_IRQHandler                       0x00000361   Thumb Code     0  startup_m460.o(.text)
    EPWM1P0_IRQHandler                       0x00000361   Thumb Code     0  startup_m460.o(.text)
    EPWM1P1_IRQHandler                       0x00000361   Thumb Code     0  startup_m460.o(.text)
    EPWM1P2_IRQHandler                       0x00000361   Thumb Code     0  startup_m460.o(.text)
    EQEI0_IRQHandler                         0x00000361   Thumb Code     0  startup_m460.o(.text)
    EQEI1_IRQHandler                         0x00000361   Thumb Code     0  startup_m460.o(.text)
    EQEI2_IRQHandler                         0x00000361   Thumb Code     0  startup_m460.o(.text)
    EQEI3_IRQHandler                         0x00000361   Thumb Code     0  startup_m460.o(.text)
    GPA_IRQHandler                           0x00000361   Thumb Code     0  startup_m460.o(.text)
    GPB_IRQHandler                           0x00000361   Thumb Code     0  startup_m460.o(.text)
    GPC_IRQHandler                           0x00000361   Thumb Code     0  startup_m460.o(.text)
    GPD_IRQHandler                           0x00000361   Thumb Code     0  startup_m460.o(.text)
    GPE_IRQHandler                           0x00000361   Thumb Code     0  startup_m460.o(.text)
    GPF_IRQHandler                           0x00000361   Thumb Code     0  startup_m460.o(.text)
    GPG_IRQHandler                           0x00000361   Thumb Code     0  startup_m460.o(.text)
    GPH_IRQHandler                           0x00000361   Thumb Code     0  startup_m460.o(.text)
    GPI_IRQHandler                           0x00000361   Thumb Code     0  startup_m460.o(.text)
    GPJ_IRQHandler                           0x00000361   Thumb Code     0  startup_m460.o(.text)
    HBI_IRQHandler                           0x00000361   Thumb Code     0  startup_m460.o(.text)
    I2C0_IRQHandler                          0x00000361   Thumb Code     0  startup_m460.o(.text)
    I2C1_IRQHandler                          0x00000361   Thumb Code     0  startup_m460.o(.text)
    I2C2_IRQHandler                          0x00000361   Thumb Code     0  startup_m460.o(.text)
    I2C3_IRQHandler                          0x00000361   Thumb Code     0  startup_m460.o(.text)
    I2C4_IRQHandler                          0x00000361   Thumb Code     0  startup_m460.o(.text)
    I2S0_IRQHandler                          0x00000361   Thumb Code     0  startup_m460.o(.text)
    I2S1_IRQHandler                          0x00000361   Thumb Code     0  startup_m460.o(.text)
    IRC_IRQHandler                           0x00000361   Thumb Code     0  startup_m460.o(.text)
    ISP_IRQHandler                           0x00000361   Thumb Code     0  startup_m460.o(.text)
    KPI_IRQHandler                           0x00000361   Thumb Code     0  startup_m460.o(.text)
    KS_IRQHandler                            0x00000361   Thumb Code     0  startup_m460.o(.text)
    OHCI_IRQHandler                          0x00000361   Thumb Code     0  startup_m460.o(.text)
    PDMA0_IRQHandler                         0x00000361   Thumb Code     0  startup_m460.o(.text)
    PDMA1_IRQHandler                         0x00000361   Thumb Code     0  startup_m460.o(.text)
    PSIO_IRQHandler                          0x00000361   Thumb Code     0  startup_m460.o(.text)
    PWRWU_IRQHandler                         0x00000361   Thumb Code     0  startup_m460.o(.text)
    QSPI0_IRQHandler                         0x00000361   Thumb Code     0  startup_m460.o(.text)
    QSPI1_IRQHandler                         0x00000361   Thumb Code     0  startup_m460.o(.text)
    RAMPE_IRQHandler                         0x00000361   Thumb Code     0  startup_m460.o(.text)
    RTC_IRQHandler                           0x00000361   Thumb Code     0  startup_m460.o(.text)
    SC0_IRQHandler                           0x00000361   Thumb Code     0  startup_m460.o(.text)
    SC1_IRQHandler                           0x00000361   Thumb Code     0  startup_m460.o(.text)
    SC2_IRQHandler                           0x00000361   Thumb Code     0  startup_m460.o(.text)
    SDH0_IRQHandler                          0x00000361   Thumb Code     0  startup_m460.o(.text)
    SDH1_IRQHandler                          0x00000361   Thumb Code     0  startup_m460.o(.text)
    SPI0_IRQHandler                          0x00000361   Thumb Code     0  startup_m460.o(.text)
    SPI10_IRQHandler                         0x00000361   Thumb Code     0  startup_m460.o(.text)
    SPI1_IRQHandler                          0x00000361   Thumb Code     0  startup_m460.o(.text)
    SPI2_IRQHandler                          0x00000361   Thumb Code     0  startup_m460.o(.text)
    SPI3_IRQHandler                          0x00000361   Thumb Code     0  startup_m460.o(.text)
    SPI4_IRQHandler                          0x00000361   Thumb Code     0  startup_m460.o(.text)
    SPI5_IRQHandler                          0x00000361   Thumb Code     0  startup_m460.o(.text)
    SPI6_IRQHandler                          0x00000361   Thumb Code     0  startup_m460.o(.text)
    SPI7_IRQHandler                          0x00000361   Thumb Code     0  startup_m460.o(.text)
    SPI8_IRQHandler                          0x00000361   Thumb Code     0  startup_m460.o(.text)
    SPI9_IRQHandler                          0x00000361   Thumb Code     0  startup_m460.o(.text)
    SPIM_IRQHandler                          0x00000361   Thumb Code     0  startup_m460.o(.text)
    TAMPER_IRQHandler                        0x00000361   Thumb Code     0  startup_m460.o(.text)
    TMR1_IRQHandler                          0x00000361   Thumb Code     0  startup_m460.o(.text)
    TMR2_IRQHandler                          0x00000361   Thumb Code     0  startup_m460.o(.text)
    TMR3_IRQHandler                          0x00000361   Thumb Code     0  startup_m460.o(.text)
    TRNG_IRQHandler                          0x00000361   Thumb Code     0  startup_m460.o(.text)
    UART0_IRQHandler                         0x00000361   Thumb Code     0  startup_m460.o(.text)
    UART1_IRQHandler                         0x00000361   Thumb Code     0  startup_m460.o(.text)
    UART2_IRQHandler                         0x00000361   Thumb Code     0  startup_m460.o(.text)
    UART3_IRQHandler                         0x00000361   Thumb Code     0  startup_m460.o(.text)
    UART4_IRQHandler                         0x00000361   Thumb Code     0  startup_m460.o(.text)
    UART5_IRQHandler                         0x00000361   Thumb Code     0  startup_m460.o(.text)
    UART6_IRQHandler                         0x00000361   Thumb Code     0  startup_m460.o(.text)
    UART7_IRQHandler                         0x00000361   Thumb Code     0  startup_m460.o(.text)
    UART8_IRQHandler                         0x00000361   Thumb Code     0  startup_m460.o(.text)
    UART9_IRQHandler                         0x00000361   Thumb Code     0  startup_m460.o(.text)
    USBD20_IRQHandler                        0x00000361   Thumb Code     0  startup_m460.o(.text)
    USBD_IRQHandler                          0x00000361   Thumb Code     0  startup_m460.o(.text)
    USBOTG20_IRQHandler                      0x00000361   Thumb Code     0  startup_m460.o(.text)
    USBOTG_IRQHandler                        0x00000361   Thumb Code     0  startup_m460.o(.text)
    USCI0_IRQHandler                         0x00000361   Thumb Code     0  startup_m460.o(.text)
    WDT_IRQHandler                           0x00000361   Thumb Code     0  startup_m460.o(.text)
    WWDT_IRQHandler                          0x00000361   Thumb Code     0  startup_m460.o(.text)
    __aeabi_assert                           0x00000371   Thumb Code   184  retarget.o(.text)
    abort                                    0x00000429   Thumb Code     2  retarget.o(.text)
    ProcessHardFault                         0x0000042d   Thumb Code   440  retarget.o(.text)
    SendChar_ToUART                          0x000005e5   Thumb Code    34  retarget.o(.text)
    SendChar                                 0x00000609   Thumb Code     2  retarget.o(.text)
    GetChar                                  0x0000060d   Thumb Code    20  retarget.o(.text)
    kbhit                                    0x00000621   Thumb Code    16  retarget.o(.text)
    IsDebugFifoEmpty                         0x00000631   Thumb Code    14  retarget.o(.text)
    _ttywrch                                 0x00000641   Thumb Code     2  retarget.o(.text)
    fputc                                    0x00000645   Thumb Code    12  retarget.o(.text)
    fgetc                                    0x00000651   Thumb Code     8  retarget.o(.text)
    ferror                                   0x00000659   Thumb Code     6  retarget.o(.text)
    UART_ClearIntFlag                        0x00000661   Thumb Code    68  uart.o(.text)
    UART_Close                               0x000006a5   Thumb Code     6  uart.o(.text)
    UART_DisableFlowCtrl                     0x000006ad   Thumb Code    10  uart.o(.text)
    UART_DisableInt                          0x000006b9   Thumb Code    10  uart.o(.text)
    UART_EnableFlowCtrl                      0x000006c5   Thumb Code    26  uart.o(.text)
    UART_EnableInt                           0x000006e1   Thumb Code     8  uart.o(.text)
    UART_Open                                0x000006e9   Thumb Code   358  uart.o(.text)
    UART_Read                                0x00000851   Thumb Code    62  uart.o(.text)
    UART_SetLineConfig                       0x00000891   Thumb Code   366  uart.o(.text)
    UART_SetTimeoutCnt                       0x00000a01   Thumb Code    20  uart.o(.text)
    UART_SelectIrDAMode                      0x00000a15   Thumb Code   380  uart.o(.text)
    UART_SelectRS485Mode                     0x00000b91   Thumb Code    34  uart.o(.text)
    UART_SelectLINMode                       0x00000bb5   Thumb Code    22  uart.o(.text)
    UART_Write                               0x00000bcd   Thumb Code    62  uart.o(.text)
    UART_SelectSingleWireMode                0x00000c0d   Thumb Code    12  uart.o(.text)
    CLK_DisableCKO                           0x00000c19   Thumb Code    18  clk.o(.text)
    CLK_EnableCKO                            0x00000c2d   Thumb Code    38  clk.o(.text)
    CLK_PowerDown                            0x00000c55   Thumb Code   116  clk.o(.text)
    CLK_Idle                                 0x00000cc9   Thumb Code    36  clk.o(.text)
    CLK_GetHXTFreq                           0x00000ced   Thumb Code    28  clk.o(.text)
    CLK_GetLXTFreq                           0x00000d09   Thumb Code    20  clk.o(.text)
    CLK_GetPCLK0Freq                         0x00000d1d   Thumb Code   128  clk.o(.text)
    CLK_GetPCLK1Freq                         0x00000d9d   Thumb Code   130  clk.o(.text)
    CLK_GetHCLKFreq                          0x00000e21   Thumb Code    18  clk.o(.text)
    CLK_GetCPUFreq                           0x00000e35   Thumb Code    18  clk.o(.text)
    CLK_SetCoreClock                         0x00000e49   Thumb Code   124  clk.o(.text)
    CLK_WaitClockReady                       0x00000ec5   Thumb Code    46  clk.o(.text)
    CLK_EnablePLL                            0x00000ef5   Thumb Code   394  clk.o(.text)
    CLK_SetHCLK                              0x00001081   Thumb Code   364  clk.o(.text)
    CLK_SetModuleClock                       0x000011ed   Thumb Code   528  clk.o(.text)
    CLK_SetSysTickClockSrc                   0x000013fd   Thumb Code    20  clk.o(.text)
    CLK_EnableXtalRC                         0x00001411   Thumb Code    16  clk.o(.text)
    CLK_DisableXtalRC                        0x00001421   Thumb Code    18  clk.o(.text)
    CLK_EnableModuleClock                    0x00001435   Thumb Code    60  clk.o(.text)
    CLK_DisableModuleClock                   0x00001471   Thumb Code    60  clk.o(.text)
    CLK_GetPLLClockFreq                      0x000014ad   Thumb Code    80  clk.o(.text)
    CLK_DisablePLL                           0x000014fd   Thumb Code    30  clk.o(.text)
    CLK_EnableSysTick                        0x0000151d   Thumb Code    90  clk.o(.text)
    CLK_DisableSysTick                       0x00001579   Thumb Code    14  clk.o(.text)
    CLK_SetPowerDownMode                     0x00001589   Thumb Code    20  clk.o(.text)
    CLK_EnableDPDWKPin                       0x0000159d   Thumb Code    72  clk.o(.text)
    CLK_GetPMUWKSrc                          0x000015e5   Thumb Code    12  clk.o(.text)
    CLK_EnableSPDWKPin                       0x000015f1   Thumb Code    38  clk.o(.text)
    CLK_GetModuleClockSource                 0x00001619   Thumb Code   128  clk.o(.text)
    CLK_GetModuleClockDivider                0x00001699   Thumb Code   320  clk.o(.text)
    CLK_DisablePLLFN                         0x000017d9   Thumb Code    18  clk.o(.text)
    CLK_EnablePLLFN                          0x000017ed   Thumb Code   364  clk.o(.text)
    CLK_GetPLLFNClockFreq                    0x00001959   Thumb Code   128  clk.o(.text)
    TIMER_Open                               0x000019d9   Thumb Code    60  timer.o(.text)
    TIMER_GetModuleClock                     0x00001a15   Thumb Code   140  timer.o(.text)
    TIMER_Close                              0x00001aa1   Thumb Code     8  timer.o(.text)
    TIMER_Delay                              0x00001aa9   Thumb Code   198  timer.o(.text)
    TIMER_EnableCapture                      0x00001b71   Thumb Code    20  timer.o(.text)
    TIMER_DisableCapture                     0x00001b85   Thumb Code    10  timer.o(.text)
    TIMER_EnableEventCounter                 0x00001b91   Thumb Code    20  timer.o(.text)
    TIMER_DisableEventCounter                0x00001ba5   Thumb Code    10  timer.o(.text)
    TIMER_EnableFreqCounter                  0x00001bb1   Thumb Code    44  timer.o(.text)
    TIMER_DisableFreqCounter                 0x00001bdd   Thumb Code    10  timer.o(.text)
    TIMER_SetTriggerSource                   0x00001be9   Thumb Code    12  timer.o(.text)
    TIMER_SetTriggerTarget                   0x00001bf5   Thumb Code    12  timer.o(.text)
    TIMER_ResetCounter                       0x00001c01   Thumb Code    78  timer.o(.text)
    TIMER_EnableCaptureInputNoiseFilter      0x00001c51   Thumb Code    22  timer.o(.text)
    TIMER_DisableCaptureInputNoiseFilter     0x00001c69   Thumb Code    10  timer.o(.text)
    GPIO_SetMode                             0x00001c75   Thumb Code    54  gpio.o(.text)
    GPIO_EnableInt                           0x00001cad   Thumb Code    52  gpio.o(.text)
    GPIO_DisableInt                          0x00001ce1   Thumb Code    30  gpio.o(.text)
    GPIO_SetSlewCtl                          0x00001d01   Thumb Code    54  gpio.o(.text)
    GPIO_SetPullCtl                          0x00001d39   Thumb Code    54  gpio.o(.text)
    SYS_Init                                 0x00001d71   Thumb Code   126  main.o(.text)
    TMR0_Init                                0x00001df1   Thumb Code    32  main.o(.text)
    TMR0_IRQHandler                          0x00001e41   Thumb Code   340  main.o(.text)
    main                                     0x00001fb1   Thumb Code   340  main.o(.text)
    __aeabi_uldivmod                         0x00002147   Thumb Code    98  uldiv.o(.text)
    __scatterload                            0x000021a9   Thumb Code    28  init.o(.text)
    __scatterload_rt2                        0x000021a9   Thumb Code     0  init.o(.text)
    __aeabi_llsl                             0x000021cd   Thumb Code    30  llshl.o(.text)
    _ll_shift_l                              0x000021cd   Thumb Code     0  llshl.o(.text)
    __aeabi_llsr                             0x000021eb   Thumb Code    32  llushr.o(.text)
    _ll_ushift_r                             0x000021eb   Thumb Code     0  llushr.o(.text)
    __0printf$8                              0x0000220d   Thumb Code    22  printf8.o(i.__0printf$8)
    __1printf$8                              0x0000220d   Thumb Code     0  printf8.o(i.__0printf$8)
    __2printf                                0x0000220d   Thumb Code     0  printf8.o(i.__0printf$8)
    __scatterload_copy                       0x0000222d   Thumb Code    14  handlers.o(i.__scatterload_copy)
    __scatterload_null                       0x0000223b   Thumb Code     2  handlers.o(i.__scatterload_null)
    __scatterload_zeroinit                   0x0000223d   Thumb Code    14  handlers.o(i.__scatterload_zeroinit)
    fputs                                    0x000026af   Thumb Code    24  fputs.o(i.fputs)
    fwrite                                   0x000026c7   Thumb Code    36  fwrite.o(i.fwrite)
    puts                                     0x000026ed   Thumb Code    30  puts.o(i.puts)
    Region$$Table$$Base                      0x000027c4   Number         0  anon$$obj.o(Region$$Table)
    Region$$Table$$Limit                     0x000027e4   Number         0  anon$$obj.o(Region$$Table)
    __stderr                                 0x20000000   Data           4  stderr.o(.data)
    CyclesPerUs                              0x20000004   Data           4  system_m460.o(.data.CyclesPerUs)
    PllClock                                 0x20000008   Data           4  system_m460.o(.data.PllClock)
    SystemCoreClock                          0x2000000c   Data           4  system_m460.o(.data.SystemCoreClock)
    gau32ClkSrcTbl                           0x20000010   Data          32  system_m460.o(.data.gau32ClkSrcTbl)
    __stdout                                 0x20000030   Data          84  retarget.o(.bss.__stdout)
    blinking                                 0x20000084   Data           1  main.o(.bss.blinking)
    button0Pressed                           0x20000088   Data           4  main.o(.bss.button0Pressed)
    button1Pressed                           0x2000008c   Data           4  main.o(.bss.button1Pressed)
    int1DelayActive                          0x20000090   Data           1  main.o(.bss.int1DelayActive)
    int1DelayCounter                         0x20000094   Data           4  main.o(.bss.int1DelayCounter)
    t                                        0x20000098   Data           4  main.o(.bss.t)
    timer0Counter                            0x2000009c   Data           4  main.o(.bss.timer0Counter)
    trafficLightMode                         0x200000a0   Data           1  main.o(.bss.trafficLightMode)
    __initial_sp                             0x200010a8   Data           0  startup_m460.o(STACK)



==============================================================================

Memory Map of the image

  Image Entry point : 0x00000339

  Load Region LR_1 (Base: 0x00000000, Size: 0x00002814, Max: 0xffffffff, ABSOLUTE)

    Execution Region ER_RO (Exec base: 0x00000000, Load base: 0x00000000, Size: 0x000027e4, Max: 0xffffffff, ABSOLUTE)

    Exec Addr    Load Addr    Size         Type   Attr      Idx    E Section Name        Object

    0x00000000   0x00000000   0x00000240   Data   RO           16    RESET               startup_m460.o
    0x00000240   0x00000240   0x00000000   Code   RO           99  * .ARM.Collect$$$$00000000  mc_w.l(entry.o)
    0x00000240   0x00000240   0x00000004   Code   RO          374    .ARM.Collect$$$$00000001  mc_w.l(entry2.o)
    0x00000244   0x00000244   0x00000004   Code   RO          377    .ARM.Collect$$$$00000004  mc_w.l(entry5.o)
    0x00000248   0x00000248   0x00000000   Code   RO          379    .ARM.Collect$$$$00000008  mc_w.l(entry7b.o)
    0x00000248   0x00000248   0x00000000   Code   RO          381    .ARM.Collect$$$$0000000A  mc_w.l(entry8b.o)
    0x00000248   0x00000248   0x00000008   Code   RO          382    .ARM.Collect$$$$0000000B  mc_w.l(entry9a.o)
    0x00000250   0x00000250   0x00000000   Code   RO          384    .ARM.Collect$$$$0000000D  mc_w.l(entry10a.o)
    0x00000250   0x00000250   0x00000000   Code   RO          386    .ARM.Collect$$$$0000000F  mc_w.l(entry11a.o)
    0x00000250   0x00000250   0x00000004   Code   RO          375    .ARM.Collect$$$$00002712  mc_w.l(entry2.o)
    0x00000254   0x00000254   0x000000e2   Code   RO            1    .text               system_m460.o
    0x00000336   0x00000336   0x00000002   PAD
    0x00000338   0x00000338   0x00000038   Code   RO           17  * .text               startup_m460.o
    0x00000370   0x00000370   0x000002ee   Code   RO           23    .text               retarget.o
    0x0000065e   0x0000065e   0x00000002   PAD
    0x00000660   0x00000660   0x000005b8   Code   RO           35    .text               uart.o
    0x00000c18   0x00000c18   0x00000dc0   Code   RO           54    .text               clk.o
    0x000019d8   0x000019d8   0x0000029a   Code   RO           63    .text               timer.o
    0x00001c72   0x00001c72   0x00000002   PAD
    0x00001c74   0x00001c74   0x000000fa   Code   RO           72    .text               gpio.o
    0x00001d6e   0x00001d6e   0x00000002   PAD
    0x00001d70   0x00001d70   0x000003d6   Code   RO           81    .text               main.o
    0x00002146   0x00002146   0x00000062   Code   RO          390    .text               mc_w.l(uldiv.o)
    0x000021a8   0x000021a8   0x00000024   Code   RO          403    .text               mc_w.l(init.o)
    0x000021cc   0x000021cc   0x0000001e   Code   RO          405    .text               mc_w.l(llshl.o)
    0x000021ea   0x000021ea   0x00000020   Code   RO          407    .text               mc_w.l(llushr.o)
    0x0000220a   0x0000220a   0x00000002   PAD
    0x0000220c   0x0000220c   0x00000020   Code   RO          320    i.__0printf$8       mc_w.l(printf8.o)
    0x0000222c   0x0000222c   0x0000000e   Code   RO          415    i.__scatterload_copy  mc_w.l(handlers.o)
    0x0000223a   0x0000223a   0x00000002   Code   RO          416    i.__scatterload_null  mc_w.l(handlers.o)
    0x0000223c   0x0000223c   0x0000000e   Code   RO          417    i.__scatterload_zeroinit  mc_w.l(handlers.o)
    0x0000224a   0x0000224a   0x00000002   PAD
    0x0000224c   0x0000224c   0x00000410   Code   RO          327    i._printf_core      mc_w.l(printf8.o)
    0x0000265c   0x0000265c   0x00000024   Code   RO          328    i._printf_post_padding  mc_w.l(printf8.o)
    0x00002680   0x00002680   0x0000002e   Code   RO          329    i._printf_pre_padding  mc_w.l(printf8.o)
    0x000026ae   0x000026ae   0x00000018   Code   RO          100    i.fputs             mc_w.l(fputs.o)
    0x000026c6   0x000026c6   0x00000024   Code   RO          104    i.fwrite            mc_w.l(fwrite.o)
    0x000026ea   0x000026ea   0x00000002   PAD
    0x000026ec   0x000026ec   0x00000024   Code   RO          102    i.puts              mc_w.l(puts.o)
    0x00002710   0x00002710   0x00000030   Data   RO           37    .rodata.cst16       uart.o
    0x00002740   0x00002740   0x00000083   Data   RO           25    .rodata.str1.1      retarget.o
    0x000027c3   0x000027c3   0x00000001   PAD
    0x000027c4   0x000027c4   0x00000020   Data   RO          414    Region$$Table       anon$$obj.o


    Execution Region ER_RW (Exec base: 0x20000000, Load base: 0x000027e4, Size: 0x00000030, Max: 0xffffffff, ABSOLUTE)

    Exec Addr    Load Addr    Size         Type   Attr      Idx    E Section Name        Object

    0x20000000   0x000027e4   0x00000004   Data   RW          112    .data               mc_w.l(stderr.o)
    0x20000004   0x000027e8   0x00000004   Data   RW            4    .data.CyclesPerUs   system_m460.o
    0x20000008   0x000027ec   0x00000004   Data   RW            5    .data.PllClock      system_m460.o
    0x2000000c   0x000027f0   0x00000004   Data   RW            3    .data.SystemCoreClock  system_m460.o
    0x20000010   0x000027f4   0x00000020   Data   RW            6    .data.gau32ClkSrcTbl  system_m460.o


    Execution Region ER_ZI (Exec base: 0x20000030, Load base: 0x00002814, Size: 0x00001078, Max: 0xffffffff, ABSOLUTE)

    Exec Addr    Load Addr    Size         Type   Attr      Idx    E Section Name        Object

    0x20000030        -       0x00000054   Zero   RW           26    .bss.__stdout       retarget.o
    0x20000084        -       0x00000001   Zero   RW           86    .bss.blinking       main.o
    0x20000085   0x00002814   0x00000003   PAD
    0x20000088        -       0x00000004   Zero   RW           83    .bss.button0Pressed  main.o
    0x2000008c        -       0x00000004   Zero   RW           84    .bss.button1Pressed  main.o
    0x20000090        -       0x00000001   Zero   RW           89    .bss.int1DelayActive  main.o
    0x20000091   0x00002814   0x00000003   PAD
    0x20000094        -       0x00000004   Zero   RW           88    .bss.int1DelayCounter  main.o
    0x20000098        -       0x00000004   Zero   RW           90    .bss.t              main.o
    0x2000009c        -       0x00000004   Zero   RW           85    .bss.timer0Counter  main.o
    0x200000a0        -       0x00000001   Zero   RW           87    .bss.trafficLightMode  main.o
    0x200000a1   0x00002814   0x00000007   PAD
    0x200000a8        -       0x00001000   Zero   RW           14    STACK               startup_m460.o


==============================================================================

Image component sizes


      Code (inc. data)   RO Data    RW Data    ZI Data      Debug   Object Name

      3520        148          0          0          0      15379   clk.o
       250          0          0          0          0       2143   gpio.o
       982         84          0          0         23       9947   main.o
       750        188        131          0         84       3878   retarget.o
        56         14        576          0       4096        924   startup_m460.o
       226          0          0         44          0       5092   system_m460.o
       666         32          0          0          0       6095   timer.o
      1464         30         48          0          0       6796   uart.o

    ----------------------------------------------------------------------
      7922        496        788         44       4216      50254   Object Totals
         0          0         32          0          0          0   (incl. Generated)
         8          0          1          0         13          0   (incl. Padding)

    ----------------------------------------------------------------------

      Code (inc. data)   RO Data    RW Data    ZI Data      Debug   Library Member Name

         0          0          0          0          0          0   entry.o
         0          0          0          0          0          0   entry10a.o
         0          0          0          0          0          0   entry11a.o
         8          4          0          0          0          0   entry2.o
         4          0          0          0          0          0   entry5.o
         0          0          0          0          0          0   entry7b.o
         0          0          0          0          0          0   entry8b.o
         8          4          0          0          0          0   entry9a.o
        24          0          0          0          0         80   fputs.o
        36          0          0          0          0         84   fwrite.o
        30          0          0          0          0          0   handlers.o
        36          8          0          0          0         68   init.o
        30          0          0          0          0         68   llshl.o
        32          0          0          0          0         68   llushr.o
      1154         54          0          0          0        352   printf8.o
        36          6          0          0          0         80   puts.o
         0          0          0          4          0          0   stderr.o
        98          0          0          0          0         92   uldiv.o

    ----------------------------------------------------------------------
      1502         76          0          4          0        892   Library Totals
         6          0          0          0          0          0   (incl. Padding)

    ----------------------------------------------------------------------

      Code (inc. data)   RO Data    RW Data    ZI Data      Debug   Library Name

      1496         76          0          4          0        892   mc_w.l

    ----------------------------------------------------------------------
      1502         76          0          4          0        892   Library Totals

    ----------------------------------------------------------------------

==============================================================================


      Code (inc. data)   RO Data    RW Data    ZI Data      Debug   

      9424        572        788         48       4216      50838   Grand Totals
      9424        572        788         48       4216      50838   ELF Image Totals
      9424        572        788         48          0          0   ROM Totals

==============================================================================

    Total RO  Size (Code + RO Data)                10212 (   9.97kB)
    Total RW  Size (RW Data + ZI Data)              4264 (   4.16kB)
    Total ROM Size (Code + RO Data + RW Data)      10260 (  10.02kB)

==============================================================================

