<html>
<body>
<pre>
<h1>µVision Build Log</h1>
<h2>Tool Versions:</h2>
IDE-Version: £gVision V5.28.0.0
Copyright (C) 2019 ARM Ltd and ARM Germany GmbH. All rights reserved.
License Information: User User, User, LIC=----
 
Tool Versions:
Toolchain:       MDK-Lite  Version: 5.28.0.0
Toolchain Path:  E:\class\Keil\ARM\ARMCLANG\Bin
C Compiler:      ArmClang.exe V6.12
Assembler:       Armasm.exe V6.12
Linker/Locator:  ArmLink.exe V6.12
Library Manager: ArmAr.exe V6.12
Hex Converter:   FromElf.exe V6.12
CPU DLL:         SARMCM3.DLL V5.28.0.0
Dialog DLL:      DARMCM1.DLL V1.19.2.0
Target DLL:      NULink\Nu_Link.dll V3.14
Dialog DLL:      TARMCM1.DLL V1.14.1.0
 
<h2>Project:</h2>
E:\m460bsp\m460bsp-master\SampleCode\Template - Timer\Keil\Template.uvprojx
Project File Date:  05/24/2024

<h2>Output:</h2>
*** Using Compiler 'V6.12', folder: 'E:\class\Keil\ARM\ARMCLANG\Bin'
Build target 'Template'
creating list file for system_m460.c...
creating list file for retarget.c...
creating list file for uart.c...
creating preprocessor file for system_m460.c...
creating preprocessor file for retarget.c...
creating list file for sys.c...
creating preprocessor file for uart.c...
creating preprocessor file for sys.c...
creating list file for clk.c...
creating list file for timer.c...
creating preprocessor file for clk.c...
creating list file for gpio.c...
creating list file for main.c...
creating preprocessor file for timer.c...
creating preprocessor file for gpio.c...
creating preprocessor file for main.c...
compiling main.c...
linking...
Program Size: Code=9424 RO-data=788 RW-data=48 ZI-data=4216  
After Build - User command #1: fromelf --bin ".\obj\template.axf" --output ".\obj\template.bin"
After Build - User command #2: fromelf --text -c ".\obj\template.axf" --output ".\obj\template.txt"
".\obj\template.axf" - 0 Error(s), 0 Warning(s).

<h2>Software Packages used:</h2>

Package Vendor: Nuvoton
                https://github.com/OpenNuvoton/cmsis-packs/raw/master/Nuvoton_DFP/Nuvoton.NuMicro_DFP.1.3.22.pack
                Nuvoton.NuMicro_DFP.1.3.22
                Nuvoton ARM Cortex-M NuMicro Family Device Support

<h2>Collection of Component include folders:</h2>
  .\RTE\_Template
  E:\class\Arm\Nuvoton\NuMicro_DFP\1.3.22\Device\M460\Include

<h2>Collection of Component Files used:</h2>
Build Time Elapsed:  00:00:02
</pre>
</body>
</html>
